// Vitest Snapshot v1, https://vitest.dev/guide/snapshot.html

exports[`CodeBlock component > Render correctly without copy to clipboard button 1`] = `
<div
  className="MuiBox-root css-0"
>
  <div
    className="MuiPaper-root MuiPaper-elevation MuiPaper-rounded MuiPaper-elevation1 css-kmr1o1-MuiPaper-root"
  >
    <code>
      {
  "test": "test"
}
    </code>
  </div>
</div>
`;

exports[`CodeBlock component > Renders correctly 1`] = `
<div
  className="MuiBox-root css-0"
>
  <div
    className="MuiPaper-root MuiPaper-elevation MuiPaper-rounded MuiPaper-elevation1 css-kmr1o1-MuiPaper-root"
  >
    <div
      className="MuiBox-root css-1q9qc6z"
    >
      <button
        aria-label="Copia"
        aria-labelledby={null}
        className="MuiButtonBase-root MuiIconButton-root MuiIconButton-sizeMedium css-vqczhe-MuiButtonBase-root-MuiIconButton-root"
        data-mui-internal-clone-element={true}
        disabled={false}
        onBlur={[Function]}
        onClick={[Function]}
        onContextMenu={[Function]}
        onDragLeave={[Function]}
        onFocus={[Function]}
        onKeyDown={[Function]}
        onKeyUp={[Function]}
        onMouseDown={[Function]}
        onMouseLeave={[Function]}
        onMouseOver={[Function]}
        onMouseUp={[Function]}
        onTouchEnd={[Function]}
        onTouchMove={[Function]}
        onTouchStart={[Function]}
        role="button"
        tabIndex={0}
        type="button"
      >
        <svg
          aria-hidden={true}
          className="MuiSvgIcon-root MuiSvgIcon-fontSizeSmall css-ptiqhd-MuiSvgIcon-root"
          data-testid="ContentCopyIcon"
          focusable="false"
          viewBox="0 0 24 24"
        >
          <path
            d="M16 1H4c-1.1 0-2 .9-2 2v14h2V3h12V1zm3 4H8c-1.1 0-2 .9-2 2v14c0 1.1.9 2 2 2h11c1.1 0 2-.9 2-2V7c0-1.1-.9-2-2-2zm0 16H8V7h11v14z"
          />
        </svg>
        <span
          className="MuiTouchRipple-root css-8je8zh-MuiTouchRipple-root"
        />
      </button>
    </div>
    <code>
      {
  "test": "test"
}
    </code>
  </div>
</div>
`;
